
> tecnojack-wedding-engine@0.0.0 build
> ng build

node.exe : - Building...
En C:\Program Files\nodejs\npm.ps1: 29 Carácter: 3
+   & $NODE_EXE $NPM_CLI_JS $args
+   ~~~~~~~~~~~~~~~~~~~~~~~~~~~~~
    + CategoryInfo          : NotSpecified: (- Building...:String) [], RemoteException
    + FullyQualifiedErrorId : NativeCommandError
 

Initial chunk files   | Names                                   |  Raw size | Estimated transfer size
chunk-WQX6DCL2.js     | -                                       | 164.89 kB |                48.08 kB
chunk-B7Z2B4PE.js     | -                                       |  98.75 kB |                24.91 kB
chunk-CDNQBUKV.js     | -                                       |  68.36 kB |                24.24 kB
styles-5EY56V5Y.css   | styles                                  |  43.98 kB |                 6.77 kB
polyfills-FFHMD2TL.js | polyfills                               |  33.71 kB |                11.02 kB
main-W37TZVN2.js      | main                                    |  12.99 kB |                 3.38 kB
chunk-5FZOKLP6.js     | -                                       |   1.08 kB |               514 bytes

                      | Initial total                           | 423.76 kB |               118.89 kB

Lazy chunk files      | Names                                   |  Raw size | Estimated transfer size
chunk-RPBYBAFQ.js     | wedding-page-component                  | 351.16 kB |                75.69 kB
chunk-JMEFDMFP.js     | admin-collection-page-component         | 116.15 kB |                26.25 kB
chunk-2LCTEYF4.js     | -                                       |  82.12 kB |                21.83 kB
chunk-SKMCSLHM.js     | admin-pages-page-component              |  70.41 kB |                14.00 kB
chunk-BFQS5RW6.js     | photoswipe-esm                          |  58.61 kB |                15.09 kB
chunk-MVAGKHFV.js     | -                                       |  39.43 kB |                 9.17 kB
chunk-W4KIXLKM.js     | -                                       |  35.71 kB |                 7.49 kB
chunk-5GIMFUPB.js     | portfolio-page-component                |  31.52 kB |                 6.19 kB
chunk-G6OCAFKD.js     | -                                       |  29.03 kB |                 6.93 kB
chunk-KROEDQGW.js     | portfolio-package-detail-page-component |  28.64 kB |                 6.51 kB
chunk-EM7M7NWI.js     | -                                       |  26.47 kB |                 6.95 kB
chunk-QSGT4HT6.js     | video-page-component                    |  17.96 kB |                 4.23 kB
chunk-UUGHMA3N.js     | photoswipe-lightbox-esm                 |  14.50 kB |                 3.99 kB
chunk-JS4OCSBR.js     | -                                       |  10.63 kB |                 2.77 kB
chunk-G3O2SF6L.js     | admin-shell-component                   |   7.67 kB |                 2.26 kB
...and 8 more lazy chunks files. Use "--verbose" to show all the files.

Output location: D:\TECNOJACK\dist\tecnojack-wedding-engine

Application bundle generation complete. [14.320 seconds]

Ôû▓ [WARNING] src/app/features/invitation/invitation.component.scss exceeded maximum budget. Budget 
6.00 kB was not met by 3.79 kB with a total of 9.79 kB.


Ôû▓ [WARNING] src/app/features/portfolio/pages/portfolio-package-detail-page.component.scss exceeded 
maximum budget. Budget 6.00 kB was not met by 17 bytes with a total of 6.02 kB.


Ôû▓ [WARNING] src/app/features/admin/admin-pages-page.component.scss exceeded maximum budget. Budget 
6.00 kB was not met by 2.50 kB with a total of 8.50 kB.


Ôû▓ [WARNING] src/app/features/admin/admin-collection-page.component.scss exceeded maximum budget. 
Budget 6.00 kB was not met by 2.43 kB with a total of 8.43 kB.


Ôû▓ [WARNING] src/app/features/passport/passport.component.scss exceeded maximum budget. Budget 6.00 kB 
was not met by 1.41 kB with a total of 7.41 kB.


